// This file is auto-generated by @hey-api/openapi-ts

/**
 * This is a simple enum with strings
 */
export enum EnumWithStringsEnum {
    SUCCESS = 'Success',
    WARNING = 'Warning',
    ERROR = 'Error',
    _SINGLE_QUOTE_ = "'Single Quote'",
    _DOUBLE_QUOTES_ = '"Double Quotes"',
    NON_ASCII__ØÆÅÔÖ_ØÆÅÔÖ字符串 = 'Non-ascii: øæåôöØÆÅÔÖ字符串'
}

export enum EnumWithReplacedCharactersEnum {
    _SINGLE_QUOTE_ = "'Single Quote'",
    _DOUBLE_QUOTES_ = '"Double Quotes"',
    ØÆÅÔÖ_ØÆÅÔÖ字符串 = 'øæåôöØÆÅÔÖ字符串',
    '_3.1' = 3.1,
    EMPTY_STRING = ''
}

/**
 * This is a simple enum with numbers
 */
export enum EnumWithNumbersEnum {
    '_1' = 1,
    '_2' = 2,
    '_3' = 3,
    '_1.1' = 1.1,
    '_1.2' = 1.2,
    '_1.3' = 1.3,
    '_100' = 100,
    '_200' = 200,
    '_300' = 300,
    '_-100' = -100,
    '_-200' = -200,
    '_-300' = -300,
    '_-1.1' = -1.1,
    '_-1.2' = -1.2,
    '_-1.3' = -1.3
}

/**
 * This is a simple enum with numbers
 */
export enum EnumWithExtensionsEnum {
    /**
     * Used when the status of something is successful
     */
    CUSTOM_SUCCESS = 200,
    /**
     * Used when the status of something has a warning
     */
    CUSTOM_WARNING = 400,
    /**
     * Used when the status of something has an error
     */
    CUSTOM_ERROR = 500
}

export enum EnumWithXEnumNamesEnum {
    zero = 0,
    one = 1,
    two = 2
}

/**
 * This is a simple enum with strings
 */
export enum FooBarEnumEnum {
    SUCCESS = 'Success',
    WARNING = 'Warning',
    ERROR = 'Error',
    ØÆÅ字符串 = 'ØÆÅ字符串'
}

/**
 * These are the HTTP error code enums
 */
export enum StatusCodeEnum {
    _100 = '100',
    _200_FOO = '200 FOO',
    _300_FOO_BAR = '300 FOO_BAR',
    _400_FOO_BAR = '400 foo-bar',
    _500_FOO_BAR = '500 foo.bar',
    _600_FOO_BAR = '600 foo&bar'
}

export enum FooBarBazQuxEnum {
    _3_0 = '3.0'
}

export enum Enum1Enum {
    BIRD = 'Bird',
    DOG = 'Dog'
}

export enum FooEnum {
    BAR = 'Bar'
}

export enum ModelWithNestedArrayEnumsDataFooEnum {
    FOO = 'foo',
    BAR = 'bar'
}

export enum ModelWithNestedArrayEnumsDataBarEnum {
    BAZ = 'baz',
    QUX = 'qux'
}

/**
 * Период
 */
export enum ValueEnum {
    '_-10' = -10,
    '_-1' = -1,
    '_0' = 0,
    '_1' = 1,
    '_3' = 3,
    '_6' = 6,
    '_12' = 12
}