// This file is auto-generated by @hey-api/openapi-ts

/**
 * This is a model with one string property
 */
export type ModelWithString = {
    /**
     * This is a simple string property
     */
    prop?: string;
};

/**
 * This is a model with one string property
 */
export type ModelWithStringError = {
    /**
     * This is a simple string property
     */
    prop?: string;
};

export type $OpenApiTs = {
    '/api/v{api-version}/defaults': {
        get: {
            req: {
                /**
                 * This is a simple boolean with default value
                 */
                parameterBoolean?: boolean | null;
                /**
                 * This is a simple enum with default value
                 */
                parameterEnum?: 'Success' | 'Warning' | 'Error';
                /**
                 * This is a simple model with default value
                 */
                parameterModel?: ModelWithString | null;
                /**
                 * This is a simple number with default value
                 */
                parameterNumber?: number | null;
                /**
                 * This is a simple string with default value
                 */
                parameterString?: string | null;
            };
        };
        post: {
            req: {
                /**
                 * This is a simple boolean that is optional with default value
                 */
                parameterBoolean?: boolean;
                /**
                 * This is a simple enum that is optional with default value
                 */
                parameterEnum?: 'Success' | 'Warning' | 'Error';
                /**
                 * This is a simple model that is optional with default value
                 */
                parameterModel?: ModelWithString;
                /**
                 * This is a simple number that is optional with default value
                 */
                parameterNumber?: number;
                /**
                 * This is a simple string that is optional with default value
                 */
                parameterString?: string;
            };
        };
        put: {
            req: {
                /**
                 * This is a optional string with default
                 */
                parameterOptionalStringWithDefault?: string;
                /**
                 * This is a optional string with empty default
                 */
                parameterOptionalStringWithEmptyDefault?: string;
                /**
                 * This is a optional string with no default
                 */
                parameterOptionalStringWithNoDefault?: string;
                /**
                 * This is a string that can be null with default
                 */
                parameterStringNullableWithDefault?: string | null;
                /**
                 * This is a string that can be null with no default
                 */
                parameterStringNullableWithNoDefault?: string | null;
                /**
                 * This is a string with default
                 */
                parameterStringWithDefault: string;
                /**
                 * This is a string with empty default
                 */
                parameterStringWithEmptyDefault: string;
                /**
                 * This is a string with no default
                 */
                parameterStringWithNoDefault: string;
            };
        };
    };
};