// This file is auto-generated by @hey-api/openapi-ts

/**
 * Testing multiline comments in string: First line
 * Second line
 *
 * Fourth line
 */
export type CamelCaseCommentWithBreaks = number;

/**
 * This is a simple array with properties
 */
export type ArrayWithProperties = Array<{
    foo?: CamelCaseCommentWithBreaks;
    bar?: string;
}>;