// This file is auto-generated by @hey-api/openapi-ts

import type { CancelablePromise } from './core/CancelablePromise';
import type { BaseHttpRequest } from './core/BaseHttpRequest';
import type { $OpenApiTs } from './types.gen';

export class DefaultService {
    constructor(public readonly httpRequest: BaseHttpRequest) { }
    
    /**
     * @throws ApiError
     */
    public serviceWithEmptyTag(): CancelablePromise<void> {
        return this.httpRequest.request({
            method: 'GET',
            url: '/api/v{api-version}/no-tag'
        });
    }
    
    /**
     * @param data The data for the request.
     * @param data.requestBody
     * @returns ModelWithReadOnlyAndWriteOnly
     * @throws ApiError
     */
    public postServiceWithEmptyTag(data: $OpenApiTs['/api/v{api-version}/no-tag']['post']['req']): CancelablePromise<$OpenApiTs['/api/v{api-version}/no-tag']['post']['res'][200]> {
        return this.httpRequest.request({
            method: 'POST',
            url: '/api/v{api-version}/no-tag',
            body: data.requestBody,
            mediaType: 'application/json'
        });
    }
    
}

export class SimpleService {
    constructor(public readonly httpRequest: BaseHttpRequest) { }
    
    /**
     * @returns Model_From_Zendesk Success
     * @throws ApiError
     */
    public apiVVersionOdataControllerCount(): CancelablePromise<$OpenApiTs['/api/v{api-version}/simple/$count']['get']['res'][200]> {
        return this.httpRequest.request({
            method: 'GET',
            url: '/api/v{api-version}/simple/$count'
        });
    }
    
    /**
     * @throws ApiError
     */
    public getCallWithoutParametersAndResponse(): CancelablePromise<void> {
        return this.httpRequest.request({
            method: 'GET',
            url: '/api/v{api-version}/simple'
        });
    }
    
    /**
     * @throws ApiError
     */
    public putCallWithoutParametersAndResponse(): CancelablePromise<void> {
        return this.httpRequest.request({
            method: 'PUT',
            url: '/api/v{api-version}/simple'
        });
    }
    
    /**
     * @throws ApiError
     */
    public postCallWithoutParametersAndResponse(): CancelablePromise<void> {
        return this.httpRequest.request({
            method: 'POST',
            url: '/api/v{api-version}/simple'
        });
    }
    
    /**
     * @throws ApiError
     */
    public deleteCallWithoutParametersAndResponse(): CancelablePromise<void> {
        return this.httpRequest.request({
            method: 'DELETE',
            url: '/api/v{api-version}/simple'
        });
    }
    
    /**
     * @throws ApiError
     */
    public optionsCallWithoutParametersAndResponse(): CancelablePromise<void> {
        return this.httpRequest.request({
            method: 'OPTIONS',
            url: '/api/v{api-version}/simple'
        });
    }
    
    /**
     * @throws ApiError
     */
    public headCallWithoutParametersAndResponse(): CancelablePromise<void> {
        return this.httpRequest.request({
            method: 'HEAD',
            url: '/api/v{api-version}/simple'
        });
    }
    
    /**
     * @throws ApiError
     */
    public patchCallWithoutParametersAndResponse(): CancelablePromise<void> {
        return this.httpRequest.request({
            method: 'PATCH',
            url: '/api/v{api-version}/simple'
        });
    }
    
}

export class ParametersService {
    constructor(public readonly httpRequest: BaseHttpRequest) { }
    
    /**
     * @param data The data for the request.
     * @param data.foo foo in method
     * @param data.bar bar in method
     * @throws ApiError
     */
    public deleteFoo(data: $OpenApiTs['/api/v{api-version}/foo/{foo}/bar/{bar}']['delete']['req']): CancelablePromise<void> {
        return this.httpRequest.request({
            method: 'DELETE',
            url: '/api/v{api-version}/foo/{foo}/bar/{bar}',
            path: {
                foo: data.foo,
                bar: data.bar
            }
        });
    }
    
    /**
     * @param data The data for the request.
     * @param data.parameterHeader This is the parameter that goes into the header
     * @param data.fooAllOfEnum
     * @param data.parameterQuery This is the parameter that goes into the query params
     * @param data.parameterForm This is the parameter that goes into the form data
     * @param data.parameterCookie This is the parameter that goes into the cookie
     * @param data.parameterPath This is the parameter that goes into the path
     * @param data.requestBody This is the parameter that goes into the body
     * @param data.fooRefEnum
     * @throws ApiError
     */
    public callWithParameters(data: $OpenApiTs['/api/v{api-version}/parameters/{parameterPath}']['post']['req']): CancelablePromise<void> {
        return this.httpRequest.request({
            method: 'POST',
            url: '/api/v{api-version}/parameters/{parameterPath}',
            path: {
                parameterPath: data.parameterPath
            },
            cookies: {
                parameterCookie: data.parameterCookie
            },
            headers: {
                parameterHeader: data.parameterHeader
            },
            query: {
                foo_ref_enum: data.fooRefEnum,
                foo_all_of_enum: data.fooAllOfEnum,
                parameterQuery: data.parameterQuery
            },
            formData: {
                parameterForm: data.parameterForm
            },
            body: data.requestBody,
            mediaType: 'application/json'
        });
    }
    
    /**
     * @param data The data for the request.
     * @param data.parameterHeader This is the parameter that goes into the request header
     * @param data.parameterQuery This is the parameter that goes into the request query params
     * @param data.parameterForm This is the parameter that goes into the request form data
     * @param data.parameterCookie This is the parameter that goes into the cookie
     * @param data.requestBody This is the parameter that goes into the body
     * @param data.parameterPath1 This is the parameter that goes into the path
     * @param data.parameterPath2 This is the parameter that goes into the path
     * @param data.parameterPath3 This is the parameter that goes into the path
     * @param data._default This is the parameter with a reserved keyword
     * @throws ApiError
     */
    public callWithWeirdParameterNames(data: $OpenApiTs['/api/v{api-version}/parameters/{parameter.path.1}/{parameter-path-2}/{PARAMETER-PATH-3}']['post']['req']): CancelablePromise<void> {
        return this.httpRequest.request({
            method: 'POST',
            url: '/api/v{api-version}/parameters/{parameter.path.1}/{parameter-path-2}/{PARAMETER-PATH-3}',
            path: {
                'parameter.path.1': data.parameterPath1,
                'parameter-path-2': data.parameterPath2,
                'PARAMETER-PATH-3': data.parameterPath3
            },
            cookies: {
                'PARAMETER-COOKIE': data.parameterCookie
            },
            headers: {
                'parameter.header': data.parameterHeader
            },
            query: {
                default: data._default,
                'parameter-query': data.parameterQuery
            },
            formData: {
                parameter_form: data.parameterForm
            },
            body: data.requestBody,
            mediaType: 'application/json'
        });
    }
    
    /**
     * @param data The data for the request.
     * @param data.requestBody This is a required parameter
     * @param data.parameter This is an optional parameter
     * @throws ApiError
     */
    public getCallWithOptionalParam(data: $OpenApiTs['/api/v{api-version}/parameters/']['get']['req']): CancelablePromise<void> {
        return this.httpRequest.request({
            method: 'GET',
            url: '/api/v{api-version}/parameters/',
            query: {
                parameter: data.parameter
            },
            body: data.requestBody,
            mediaType: 'application/json'
        });
    }
    
    /**
     * @param data The data for the request.
     * @param data.parameter This is a required parameter
     * @param data.requestBody This is an optional parameter
     * @throws ApiError
     */
    public postCallWithOptionalParam(data: $OpenApiTs['/api/v{api-version}/parameters/']['post']['req']): CancelablePromise<void> {
        return this.httpRequest.request({
            method: 'POST',
            url: '/api/v{api-version}/parameters/',
            query: {
                parameter: data.parameter
            },
            body: data.requestBody,
            mediaType: 'application/json'
        });
    }
    
}

export class DescriptionsService {
    constructor(public readonly httpRequest: BaseHttpRequest) { }
    
    /**
     * @param data The data for the request.
     * @param data.parameterWithBreaks Testing multiline comments in string: First line
     * Second line
     *
     * Fourth line
     * @param data.parameterWithBackticks Testing backticks in string: `backticks` and ```multiple backticks``` should work
     * @param data.parameterWithSlashes Testing slashes in string: \backwards\\\ and /forwards/// should work
     * @param data.parameterWithExpressionPlaceholders Testing expression placeholders in string: ${expression} should work
     * @param data.parameterWithQuotes Testing quotes in string: 'single quote''' and "double quotes""" should work
     * @param data.parameterWithReservedCharacters Testing reserved characters in string: * inline * and ** inline ** should work
     * @throws ApiError
     */
    public callWithDescriptions(data: $OpenApiTs['/api/v{api-version}/descriptions/']['post']['req'] = {}): CancelablePromise<void> {
        return this.httpRequest.request({
            method: 'POST',
            url: '/api/v{api-version}/descriptions/',
            query: {
                parameterWithBreaks: data.parameterWithBreaks,
                parameterWithBackticks: data.parameterWithBackticks,
                parameterWithSlashes: data.parameterWithSlashes,
                parameterWithExpressionPlaceholders: data.parameterWithExpressionPlaceholders,
                parameterWithQuotes: data.parameterWithQuotes,
                parameterWithReservedCharacters: data.parameterWithReservedCharacters
            }
        });
    }
    
}

export class DeprecatedService {
    constructor(public readonly httpRequest: BaseHttpRequest) { }
    
    /**
     * @deprecated
     * @param data The data for the request.
     * @param data.parameter This parameter is deprecated
     * @throws ApiError
     */
    public deprecatedCall(data: $OpenApiTs['/api/v{api-version}/parameters/deprecated']['post']['req']): CancelablePromise<void> {
        return this.httpRequest.request({
            method: 'POST',
            url: '/api/v{api-version}/parameters/deprecated',
            headers: {
                parameter: data.parameter
            }
        });
    }
    
}

export class RequestBodyService {
    constructor(public readonly httpRequest: BaseHttpRequest) { }
    
    /**
     * @param data The data for the request.
     * @param data.parameter This is a reusable parameter
     * @param data.foo A reusable request body
     * @throws ApiError
     */
    public postApiRequestBody(data: $OpenApiTs['/api/v{api-version}/requestBody/']['post']['req'] = {}): CancelablePromise<void> {
        return this.httpRequest.request({
            method: 'POST',
            url: '/api/v{api-version}/requestBody/',
            query: {
                parameter: data.parameter
            },
            body: data.foo,
            mediaType: 'application/json'
        });
    }
    
}

export class FormDataService {
    constructor(public readonly httpRequest: BaseHttpRequest) { }
    
    /**
     * @param data The data for the request.
     * @param data.parameter This is a reusable parameter
     * @param data.formData A reusable request body
     * @throws ApiError
     */
    public postApiFormData(data: $OpenApiTs['/api/v{api-version}/formData/']['post']['req'] = {}): CancelablePromise<void> {
        return this.httpRequest.request({
            method: 'POST',
            url: '/api/v{api-version}/formData/',
            query: {
                parameter: data.parameter
            },
            formData: data.formData,
            mediaType: 'multipart/form-data'
        });
    }
    
}

export class DefaultsService {
    constructor(public readonly httpRequest: BaseHttpRequest) { }
    
    /**
     * @param data The data for the request.
     * @param data.parameterString This is a simple string with default value
     * @param data.parameterNumber This is a simple number with default value
     * @param data.parameterBoolean This is a simple boolean with default value
     * @param data.parameterEnum This is a simple enum with default value
     * @param data.parameterModel This is a simple model with default value
     * @throws ApiError
     */
    public callWithDefaultParameters(data: $OpenApiTs['/api/v{api-version}/defaults']['get']['req'] = {}): CancelablePromise<void> {
        return this.httpRequest.request({
            method: 'GET',
            url: '/api/v{api-version}/defaults',
            query: {
                parameterString: data.parameterString,
                parameterNumber: data.parameterNumber,
                parameterBoolean: data.parameterBoolean,
                parameterEnum: data.parameterEnum,
                parameterModel: data.parameterModel
            }
        });
    }
    
    /**
     * @param data The data for the request.
     * @param data.parameterString This is a simple string that is optional with default value
     * @param data.parameterNumber This is a simple number that is optional with default value
     * @param data.parameterBoolean This is a simple boolean that is optional with default value
     * @param data.parameterEnum This is a simple enum that is optional with default value
     * @param data.parameterModel This is a simple model that is optional with default value
     * @throws ApiError
     */
    public callWithDefaultOptionalParameters(data: $OpenApiTs['/api/v{api-version}/defaults']['post']['req'] = {}): CancelablePromise<void> {
        return this.httpRequest.request({
            method: 'POST',
            url: '/api/v{api-version}/defaults',
            query: {
                parameterString: data.parameterString,
                parameterNumber: data.parameterNumber,
                parameterBoolean: data.parameterBoolean,
                parameterEnum: data.parameterEnum,
                parameterModel: data.parameterModel
            }
        });
    }
    
    /**
     * @param data The data for the request.
     * @param data.parameterStringWithNoDefault This is a string with no default
     * @param data.parameterOptionalStringWithDefault This is a optional string with default
     * @param data.parameterOptionalStringWithEmptyDefault This is a optional string with empty default
     * @param data.parameterOptionalStringWithNoDefault This is a optional string with no default
     * @param data.parameterStringWithDefault This is a string with default
     * @param data.parameterStringWithEmptyDefault This is a string with empty default
     * @param data.parameterStringNullableWithNoDefault This is a string that can be null with no default
     * @param data.parameterStringNullableWithDefault This is a string that can be null with default
     * @throws ApiError
     */
    public callToTestOrderOfParams(data: $OpenApiTs['/api/v{api-version}/defaults']['put']['req']): CancelablePromise<void> {
        return this.httpRequest.request({
            method: 'PUT',
            url: '/api/v{api-version}/defaults',
            query: {
                parameterOptionalStringWithDefault: data.parameterOptionalStringWithDefault,
                parameterOptionalStringWithEmptyDefault: data.parameterOptionalStringWithEmptyDefault,
                parameterOptionalStringWithNoDefault: data.parameterOptionalStringWithNoDefault,
                parameterStringWithDefault: data.parameterStringWithDefault,
                parameterStringWithEmptyDefault: data.parameterStringWithEmptyDefault,
                parameterStringWithNoDefault: data.parameterStringWithNoDefault,
                parameterStringNullableWithNoDefault: data.parameterStringNullableWithNoDefault,
                parameterStringNullableWithDefault: data.parameterStringNullableWithDefault
            }
        });
    }
    
}

export class DuplicateService {
    constructor(public readonly httpRequest: BaseHttpRequest) { }
    
    /**
     * @throws ApiError
     */
    public duplicateName(): CancelablePromise<void> {
        return this.httpRequest.request({
            method: 'GET',
            url: '/api/v{api-version}/duplicate'
        });
    }
    
    /**
     * @throws ApiError
     */
    public duplicateName1(): CancelablePromise<void> {
        return this.httpRequest.request({
            method: 'POST',
            url: '/api/v{api-version}/duplicate'
        });
    }
    
    /**
     * @throws ApiError
     */
    public duplicateName2(): CancelablePromise<void> {
        return this.httpRequest.request({
            method: 'PUT',
            url: '/api/v{api-version}/duplicate'
        });
    }
    
    /**
     * @throws ApiError
     */
    public duplicateName3(): CancelablePromise<void> {
        return this.httpRequest.request({
            method: 'DELETE',
            url: '/api/v{api-version}/duplicate'
        });
    }
    
}

export class NoContentService {
    constructor(public readonly httpRequest: BaseHttpRequest) { }
    
    /**
     * @returns void Success
     * @throws ApiError
     */
    public callWithNoContentResponse(): CancelablePromise<$OpenApiTs['/api/v{api-version}/no-content']['get']['res'][204]> {
        return this.httpRequest.request({
            method: 'GET',
            url: '/api/v{api-version}/no-content'
        });
    }
    
    /**
     * @returns number Response is a simple number
     * @returns void Success
     * @throws ApiError
     */
    public callWithResponseAndNoContentResponse(): CancelablePromise<$OpenApiTs['/api/v{api-version}/multiple-tags/response-and-no-content']['get']['res'][200] | $OpenApiTs['/api/v{api-version}/multiple-tags/response-and-no-content']['get']['res'][204]> {
        return this.httpRequest.request({
            method: 'GET',
            url: '/api/v{api-version}/multiple-tags/response-and-no-content'
        });
    }
    
}

export class ResponseService {
    constructor(public readonly httpRequest: BaseHttpRequest) { }
    
    /**
     * @returns number Response is a simple number
     * @returns void Success
     * @throws ApiError
     */
    public callWithResponseAndNoContentResponse(): CancelablePromise<$OpenApiTs['/api/v{api-version}/multiple-tags/response-and-no-content']['get']['res'][200] | $OpenApiTs['/api/v{api-version}/multiple-tags/response-and-no-content']['get']['res'][204]> {
        return this.httpRequest.request({
            method: 'GET',
            url: '/api/v{api-version}/multiple-tags/response-and-no-content'
        });
    }
    
    /**
     * @returns ModelWithString
     * @throws ApiError
     */
    public callWithResponse(): CancelablePromise<$OpenApiTs['/api/v{api-version}/response']['get']['res'][200]> {
        return this.httpRequest.request({
            method: 'GET',
            url: '/api/v{api-version}/response'
        });
    }
    
    /**
     * @returns ModelWithString Message for default response
     * @throws ApiError
     */
    public callWithDuplicateResponses(): CancelablePromise<$OpenApiTs['/api/v{api-version}/response']['post']['res'][200]> {
        return this.httpRequest.request({
            method: 'POST',
            url: '/api/v{api-version}/response',
            errors: {
                500: 'Message for 500 error',
                501: 'Message for 501 error',
                502: 'Message for 502 error'
            }
        });
    }
    
    /**
     * @returns unknown Message for 200 response
     * @returns ModelWithString Message for default response
     * @returns ModelThatExtends Message for 201 response
     * @returns ModelThatExtendsExtends Message for 202 response
     * @throws ApiError
     */
    public callWithResponses(): CancelablePromise<$OpenApiTs['/api/v{api-version}/response']['put']['res'][200] | $OpenApiTs['/api/v{api-version}/response']['put']['res'][200] | $OpenApiTs['/api/v{api-version}/response']['put']['res'][201] | $OpenApiTs['/api/v{api-version}/response']['put']['res'][202]> {
        return this.httpRequest.request({
            method: 'PUT',
            url: '/api/v{api-version}/response',
            errors: {
                500: 'Message for 500 error',
                501: 'Message for 501 error',
                502: 'Message for 502 error'
            }
        });
    }
    
}

export class MultipleTags1Service {
    constructor(public readonly httpRequest: BaseHttpRequest) { }
    
    /**
     * @returns void Success
     * @throws ApiError
     */
    public dummyA(): CancelablePromise<$OpenApiTs['/api/v{api-version}/multiple-tags/a']['get']['res'][204]> {
        return this.httpRequest.request({
            method: 'GET',
            url: '/api/v{api-version}/multiple-tags/a'
        });
    }
    
    /**
     * @returns void Success
     * @throws ApiError
     */
    public dummyB(): CancelablePromise<$OpenApiTs['/api/v{api-version}/multiple-tags/b']['get']['res'][204]> {
        return this.httpRequest.request({
            method: 'GET',
            url: '/api/v{api-version}/multiple-tags/b'
        });
    }
    
}

export class MultipleTags2Service {
    constructor(public readonly httpRequest: BaseHttpRequest) { }
    
    /**
     * @returns void Success
     * @throws ApiError
     */
    public dummyA(): CancelablePromise<$OpenApiTs['/api/v{api-version}/multiple-tags/a']['get']['res'][204]> {
        return this.httpRequest.request({
            method: 'GET',
            url: '/api/v{api-version}/multiple-tags/a'
        });
    }
    
    /**
     * @returns void Success
     * @throws ApiError
     */
    public dummyB(): CancelablePromise<$OpenApiTs['/api/v{api-version}/multiple-tags/b']['get']['res'][204]> {
        return this.httpRequest.request({
            method: 'GET',
            url: '/api/v{api-version}/multiple-tags/b'
        });
    }
    
}

export class MultipleTags3Service {
    constructor(public readonly httpRequest: BaseHttpRequest) { }
    
    /**
     * @returns void Success
     * @throws ApiError
     */
    public dummyB(): CancelablePromise<$OpenApiTs['/api/v{api-version}/multiple-tags/b']['get']['res'][204]> {
        return this.httpRequest.request({
            method: 'GET',
            url: '/api/v{api-version}/multiple-tags/b'
        });
    }
    
}

export class CollectionFormatService {
    constructor(public readonly httpRequest: BaseHttpRequest) { }
    
    /**
     * @param data The data for the request.
     * @param data.parameterArrayCsv This is an array parameter that is sent as csv format (comma-separated values)
     * @param data.parameterArraySsv This is an array parameter that is sent as ssv format (space-separated values)
     * @param data.parameterArrayTsv This is an array parameter that is sent as tsv format (tab-separated values)
     * @param data.parameterArrayPipes This is an array parameter that is sent as pipes format (pipe-separated values)
     * @param data.parameterArrayMulti This is an array parameter that is sent as multi format (multiple parameter instances)
     * @throws ApiError
     */
    public collectionFormat(data: $OpenApiTs['/api/v{api-version}/collectionFormat']['get']['req']): CancelablePromise<void> {
        return this.httpRequest.request({
            method: 'GET',
            url: '/api/v{api-version}/collectionFormat',
            query: {
                parameterArrayCSV: data.parameterArrayCsv,
                parameterArraySSV: data.parameterArraySsv,
                parameterArrayTSV: data.parameterArrayTsv,
                parameterArrayPipes: data.parameterArrayPipes,
                parameterArrayMulti: data.parameterArrayMulti
            }
        });
    }
    
}

export class TypesService {
    constructor(public readonly httpRequest: BaseHttpRequest) { }
    
    /**
     * @param data The data for the request.
     * @param data.parameterArray This is an array parameter
     * @param data.parameterDictionary This is a dictionary parameter
     * @param data.parameterEnum This is an enum parameter
     * @param data.parameterNumber This is a number parameter
     * @param data.parameterString This is a string parameter
     * @param data.parameterBoolean This is a boolean parameter
     * @param data.parameterObject This is an object parameter
     * @param data.id This is a number parameter
     * @returns number Response is a simple number
     * @returns string Response is a simple string
     * @returns boolean Response is a simple boolean
     * @returns unknown Response is a simple object
     * @throws ApiError
     */
    public types(data: $OpenApiTs['/api/v{api-version}/types']['get']['req']): CancelablePromise<$OpenApiTs['/api/v{api-version}/types']['get']['res'][200] | $OpenApiTs['/api/v{api-version}/types']['get']['res'][201] | $OpenApiTs['/api/v{api-version}/types']['get']['res'][202] | $OpenApiTs['/api/v{api-version}/types']['get']['res'][203]> {
        return this.httpRequest.request({
            method: 'GET',
            url: '/api/v{api-version}/types',
            path: {
                id: data.id
            },
            query: {
                parameterNumber: data.parameterNumber,
                parameterString: data.parameterString,
                parameterBoolean: data.parameterBoolean,
                parameterObject: data.parameterObject,
                parameterArray: data.parameterArray,
                parameterDictionary: data.parameterDictionary,
                parameterEnum: data.parameterEnum
            }
        });
    }
    
}

export class UploadService {
    constructor(public readonly httpRequest: BaseHttpRequest) { }
    
    /**
     * @param data The data for the request.
     * @param data.file Supply a file reference for upload
     * @returns boolean
     * @throws ApiError
     */
    public uploadFile(data: $OpenApiTs['/api/v{api-version}/upload']['post']['req']): CancelablePromise<$OpenApiTs['/api/v{api-version}/upload']['post']['res'][200]> {
        return this.httpRequest.request({
            method: 'POST',
            url: '/api/v{api-version}/upload',
            formData: {
                file: data.file
            }
        });
    }
    
}

export class FileResponseService {
    constructor(public readonly httpRequest: BaseHttpRequest) { }
    
    /**
     * @param data The data for the request.
     * @param data.id
     * @returns binary Success
     * @throws ApiError
     */
    public fileResponse(data: $OpenApiTs['/api/v{api-version}/file/{id}']['get']['req']): CancelablePromise<$OpenApiTs['/api/v{api-version}/file/{id}']['get']['res'][200]> {
        return this.httpRequest.request({
            method: 'GET',
            url: '/api/v{api-version}/file/{id}',
            path: {
                id: data.id
            }
        });
    }
    
}

export class ComplexService {
    constructor(public readonly httpRequest: BaseHttpRequest) { }
    
    /**
     * @param data The data for the request.
     * @param data.parameterObject Parameter containing object
     * @param data.parameterReference Parameter containing reference
     * @returns ModelWithString Successful response
     * @throws ApiError
     */
    public complexTypes(data: $OpenApiTs['/api/v{api-version}/complex']['get']['req']): CancelablePromise<$OpenApiTs['/api/v{api-version}/complex']['get']['res'][200]> {
        return this.httpRequest.request({
            method: 'GET',
            url: '/api/v{api-version}/complex',
            query: {
                parameterObject: data.parameterObject,
                parameterReference: data.parameterReference
            },
            errors: {
                400: '400 \`server\` error',
                500: '500 server error'
            }
        });
    }
    
    /**
     * @param data The data for the request.
     * @param data.id
     * @param data.requestBody
     * @returns ModelWithString Success
     * @throws ApiError
     */
    public complexParams(data: $OpenApiTs['/api/v{api-version}/complex/{id}']['put']['req']): CancelablePromise<$OpenApiTs['/api/v{api-version}/complex/{id}']['put']['res'][200]> {
        return this.httpRequest.request({
            method: 'PUT',
            url: '/api/v{api-version}/complex/{id}',
            path: {
                id: data.id
            },
            body: data.requestBody,
            mediaType: 'application/json-patch+json'
        });
    }
    
}

export class MultipartService {
    constructor(public readonly httpRequest: BaseHttpRequest) { }
    
    /**
     * @param data The data for the request.
     * @param data.formData
     * @throws ApiError
     */
    public multipartRequest(data: $OpenApiTs['/api/v{api-version}/multipart']['post']['req'] = {}): CancelablePromise<void> {
        return this.httpRequest.request({
            method: 'POST',
            url: '/api/v{api-version}/multipart',
            formData: data.formData,
            mediaType: 'multipart/form-data'
        });
    }
    
    /**
     * @returns unknown OK
     * @throws ApiError
     */
    public multipartResponse(): CancelablePromise<$OpenApiTs['/api/v{api-version}/multipart']['get']['res'][200]> {
        return this.httpRequest.request({
            method: 'GET',
            url: '/api/v{api-version}/multipart'
        });
    }
    
}

export class HeaderService {
    constructor(public readonly httpRequest: BaseHttpRequest) { }
    
    /**
     * @returns string Successful response
     * @throws ApiError
     */
    public callWithResultFromHeader(): CancelablePromise<$OpenApiTs['/api/v{api-version}/header']['post']['res'][200]> {
        return this.httpRequest.request({
            method: 'POST',
            url: '/api/v{api-version}/header',
            responseHeader: 'operation-location',
            errors: {
                400: '400 server error',
                500: '500 server error'
            }
        });
    }
    
}

export class ErrorService {
    constructor(public readonly httpRequest: BaseHttpRequest) { }
    
    /**
     * @param data The data for the request.
     * @param data.status Status code to return
     * @returns unknown Custom message: Successful response
     * @throws ApiError
     */
    public testErrorCode(data: $OpenApiTs['/api/v{api-version}/error']['post']['req']): CancelablePromise<$OpenApiTs['/api/v{api-version}/error']['post']['res'][200]> {
        return this.httpRequest.request({
            method: 'POST',
            url: '/api/v{api-version}/error',
            query: {
                status: data.status
            },
            errors: {
                500: 'Custom message: Internal Server Error',
                501: 'Custom message: Not Implemented',
                502: 'Custom message: Bad Gateway',
                503: 'Custom message: Service Unavailable'
            }
        });
    }
    
}

export class NonAsciiÆøåÆøÅöôêÊService {
    constructor(public readonly httpRequest: BaseHttpRequest) { }
    
    /**
     * @param data The data for the request.
     * @param data.nonAsciiParamæøåÆøÅöôêÊ Dummy input param
     * @returns NonAsciiStringæøåÆØÅöôêÊ字符串 Successful response
     * @throws ApiError
     */
    public nonAsciiæøåÆøÅöôêÊ字符串(data: $OpenApiTs['/api/v{api-version}/non-ascii-æøåÆØÅöôêÊ字符串']['post']['req']): CancelablePromise<$OpenApiTs['/api/v{api-version}/non-ascii-æøåÆØÅöôêÊ字符串']['post']['res'][200]> {
        return this.httpRequest.request({
            method: 'POST',
            url: '/api/v{api-version}/non-ascii-æøåÆØÅöôêÊ字符串',
            query: {
                'nonAsciiParamæøåÆØÅöôêÊ': data.nonAsciiParamæøåÆøÅöôêÊ
            }
        });
    }
    
}