// This file is auto-generated by @hey-api/openapi-ts

import type { CancelablePromise } from './core/CancelablePromise';
import { OpenAPI } from './core/OpenAPI';
import { request as __request } from './core/request';
import type { $OpenApiTs } from './types.gen';

export class DefaultService {
    /**
     * @throws ApiError
     */
    public static serviceWithEmptyTag(): CancelablePromise<void> {
        return __request(OpenAPI, {
            method: 'GET',
            url: '/api/v{api-version}/no-tag'
        });
    }
    
}

export class SimpleService {
    /**
     * @throws ApiError
     */
    public static getCallWithoutParametersAndResponse(): CancelablePromise<void> {
        return __request(OpenAPI, {
            method: 'GET',
            url: '/api/v{api-version}/simple'
        });
    }
    
    /**
     * @throws ApiError
     */
    public static putCallWithoutParametersAndResponse(): CancelablePromise<void> {
        return __request(OpenAPI, {
            method: 'PUT',
            url: '/api/v{api-version}/simple'
        });
    }
    
    /**
     * @throws ApiError
     */
    public static postCallWithoutParametersAndResponse(): CancelablePromise<void> {
        return __request(OpenAPI, {
            method: 'POST',
            url: '/api/v{api-version}/simple'
        });
    }
    
    /**
     * @throws ApiError
     */
    public static deleteCallWithoutParametersAndResponse(): CancelablePromise<void> {
        return __request(OpenAPI, {
            method: 'DELETE',
            url: '/api/v{api-version}/simple'
        });
    }
    
    /**
     * @throws ApiError
     */
    public static optionsCallWithoutParametersAndResponse(): CancelablePromise<void> {
        return __request(OpenAPI, {
            method: 'OPTIONS',
            url: '/api/v{api-version}/simple'
        });
    }
    
    /**
     * @throws ApiError
     */
    public static headCallWithoutParametersAndResponse(): CancelablePromise<void> {
        return __request(OpenAPI, {
            method: 'HEAD',
            url: '/api/v{api-version}/simple'
        });
    }
    
    /**
     * @throws ApiError
     */
    public static patchCallWithoutParametersAndResponse(): CancelablePromise<void> {
        return __request(OpenAPI, {
            method: 'PATCH',
            url: '/api/v{api-version}/simple'
        });
    }
    
}

export class DescriptionsService {
    /**
     * @param data The data for the request.
     * @param data.parameterWithBreaks Testing multiline comments in string: First line
     * Second line
     *
     * Fourth line
     * @param data.parameterWithBackticks Testing backticks in string: `backticks` and ```multiple backticks``` should work
     * @param data.parameterWithSlashes Testing slashes in string: \backwards\\\ and /forwards/// should work
     * @param data.parameterWithExpressionPlaceholders Testing expression placeholders in string: ${expression} should work
     * @param data.parameterWithQuotes Testing quotes in string: 'single quote''' and "double quotes""" should work
     * @param data.parameterWithReservedCharacters Testing reserved characters in string: * inline * and ** inline ** should work
     * @throws ApiError
     */
    public static callWithDescriptions(data: $OpenApiTs['/api/v{api-version}/descriptions/']['post']['req'] = {}): CancelablePromise<void> {
        return __request(OpenAPI, {
            method: 'POST',
            url: '/api/v{api-version}/descriptions/',
            query: {
                parameterWithBreaks: data.parameterWithBreaks,
                parameterWithBackticks: data.parameterWithBackticks,
                parameterWithSlashes: data.parameterWithSlashes,
                parameterWithExpressionPlaceholders: data.parameterWithExpressionPlaceholders,
                parameterWithQuotes: data.parameterWithQuotes,
                parameterWithReservedCharacters: data.parameterWithReservedCharacters
            }
        });
    }
    
}

export class ParametersService {
    /**
     * @param data The data for the request.
     * @param data.parameterHeader This is the parameter that goes into the header
     * @param data.parameterQuery This is the parameter that goes into the query params
     * @param data.parameterForm This is the parameter that goes into the form data
     * @param data.parameterBody This is the parameter that is sent as request body
     * @param data.parameterPath This is the parameter that goes into the path
     * @throws ApiError
     */
    public static callWithParameters(data: $OpenApiTs['/api/v{api-version}/parameters/{parameterPath}']['post']['req']): CancelablePromise<void> {
        return __request(OpenAPI, {
            method: 'POST',
            url: '/api/v{api-version}/parameters/{parameterPath}',
            path: {
                parameterPath: data.parameterPath
            },
            headers: {
                parameterHeader: data.parameterHeader
            },
            query: {
                parameterQuery: data.parameterQuery
            },
            formData: {
                parameterForm: data.parameterForm
            },
            body: data.parameterBody
        });
    }
    
    /**
     * @param data The data for the request.
     * @param data.parameterHeader This is the parameter that goes into the request header
     * @param data.parameterQuery This is the parameter that goes into the request query params
     * @param data.parameterForm This is the parameter that goes into the request form data
     * @param data.parameterBody This is the parameter that is sent as request body
     * @param data.parameterPath1 This is the parameter that goes into the path
     * @param data.parameterPath2 This is the parameter that goes into the path
     * @param data.parameterPath3 This is the parameter that goes into the path
     * @param data._default This is the parameter with a reserved keyword
     * @throws ApiError
     */
    public static callWithWeirdParameterNames(data: $OpenApiTs['/api/v{api-version}/parameters/{parameter.path.1}/{parameter-path-2}/{PARAMETER-PATH-3}']['post']['req']): CancelablePromise<void> {
        return __request(OpenAPI, {
            method: 'POST',
            url: '/api/v{api-version}/parameters/{parameter.path.1}/{parameter-path-2}/{PARAMETER-PATH-3}',
            path: {
                'parameter.path.1': data.parameterPath1,
                'parameter-path-2': data.parameterPath2,
                'PARAMETER-PATH-3': data.parameterPath3
            },
            headers: {
                'parameter.header': data.parameterHeader
            },
            query: {
                default: data._default,
                'parameter-query': data.parameterQuery
            },
            formData: {
                parameter_form: data.parameterForm
            },
            body: data.parameterBody
        });
    }
    
}

export class DefaultsService {
    /**
     * @param data The data for the request.
     * @param data.parameterString This is a simple string with default value
     * @param data.parameterNumber This is a simple number with default value
     * @param data.parameterBoolean This is a simple boolean with default value
     * @param data.parameterEnum This is a simple enum with default value
     * @param data.parameterModel This is a simple model with default value
     * @throws ApiError
     */
    public static callWithDefaultParameters(data: $OpenApiTs['/api/v{api-version}/defaults']['get']['req']): CancelablePromise<void> {
        return __request(OpenAPI, {
            method: 'GET',
            url: '/api/v{api-version}/defaults',
            query: {
                parameterString: data.parameterString,
                parameterNumber: data.parameterNumber,
                parameterBoolean: data.parameterBoolean,
                parameterEnum: data.parameterEnum,
                parameterModel: data.parameterModel
            }
        });
    }
    
    /**
     * @param data The data for the request.
     * @param data.parameterString This is a simple string that is optional with default value
     * @param data.parameterNumber This is a simple number that is optional with default value
     * @param data.parameterBoolean This is a simple boolean that is optional with default value
     * @param data.parameterEnum This is a simple enum that is optional with default value
     * @param data.parameterModel This is a simple model that is optional with default value
     * @throws ApiError
     */
    public static callWithDefaultOptionalParameters(data: $OpenApiTs['/api/v{api-version}/defaults']['post']['req'] = {}): CancelablePromise<void> {
        return __request(OpenAPI, {
            method: 'POST',
            url: '/api/v{api-version}/defaults',
            query: {
                parameterString: data.parameterString,
                parameterNumber: data.parameterNumber,
                parameterBoolean: data.parameterBoolean,
                parameterEnum: data.parameterEnum,
                parameterModel: data.parameterModel
            }
        });
    }
    
    /**
     * @param data The data for the request.
     * @param data.parameterStringWithNoDefault This is a string with no default
     * @param data.parameterOptionalStringWithDefault This is a optional string with default
     * @param data.parameterOptionalStringWithEmptyDefault This is a optional string with empty default
     * @param data.parameterOptionalStringWithNoDefault This is a optional string with no default
     * @param data.parameterStringWithDefault This is a string with default
     * @param data.parameterStringWithEmptyDefault This is a string with empty default
     * @param data.parameterStringNullableWithNoDefault This is a string that can be null with no default
     * @param data.parameterStringNullableWithDefault This is a string that can be null with default
     * @throws ApiError
     */
    public static callToTestOrderOfParams(data: $OpenApiTs['/api/v{api-version}/defaults']['put']['req']): CancelablePromise<void> {
        return __request(OpenAPI, {
            method: 'PUT',
            url: '/api/v{api-version}/defaults',
            query: {
                parameterOptionalStringWithDefault: data.parameterOptionalStringWithDefault,
                parameterOptionalStringWithEmptyDefault: data.parameterOptionalStringWithEmptyDefault,
                parameterOptionalStringWithNoDefault: data.parameterOptionalStringWithNoDefault,
                parameterStringWithDefault: data.parameterStringWithDefault,
                parameterStringWithEmptyDefault: data.parameterStringWithEmptyDefault,
                parameterStringWithNoDefault: data.parameterStringWithNoDefault,
                parameterStringNullableWithNoDefault: data.parameterStringNullableWithNoDefault,
                parameterStringNullableWithDefault: data.parameterStringNullableWithDefault
            }
        });
    }
    
}

export class DuplicateService {
    /**
     * @throws ApiError
     */
    public static duplicateName(): CancelablePromise<void> {
        return __request(OpenAPI, {
            method: 'GET',
            url: '/api/v{api-version}/duplicate'
        });
    }
    
    /**
     * @throws ApiError
     */
    public static duplicateName1(): CancelablePromise<void> {
        return __request(OpenAPI, {
            method: 'POST',
            url: '/api/v{api-version}/duplicate'
        });
    }
    
    /**
     * @throws ApiError
     */
    public static duplicateName2(): CancelablePromise<void> {
        return __request(OpenAPI, {
            method: 'PUT',
            url: '/api/v{api-version}/duplicate'
        });
    }
    
    /**
     * @throws ApiError
     */
    public static duplicateName3(): CancelablePromise<void> {
        return __request(OpenAPI, {
            method: 'DELETE',
            url: '/api/v{api-version}/duplicate'
        });
    }
    
}

export class NoContentService {
    /**
     * @returns void Success
     * @throws ApiError
     */
    public static callWithNoContentResponse(): CancelablePromise<$OpenApiTs['/api/v{api-version}/no-content']['get']['res'][204]> {
        return __request(OpenAPI, {
            method: 'GET',
            url: '/api/v{api-version}/no-content'
        });
    }
    
    /**
     * @returns unknown Response is a simple number
     * @returns void Success
     * @throws ApiError
     */
    public static callWithResponseAndNoContentResponse(): CancelablePromise<$OpenApiTs['/api/v{api-version}/multiple-tags/response-and-no-content']['get']['res'][200] | $OpenApiTs['/api/v{api-version}/multiple-tags/response-and-no-content']['get']['res'][204]> {
        return __request(OpenAPI, {
            method: 'GET',
            url: '/api/v{api-version}/multiple-tags/response-and-no-content'
        });
    }
    
}

export class ResponseService {
    /**
     * @returns unknown Response is a simple number
     * @returns void Success
     * @throws ApiError
     */
    public static callWithResponseAndNoContentResponse(): CancelablePromise<$OpenApiTs['/api/v{api-version}/multiple-tags/response-and-no-content']['get']['res'][200] | $OpenApiTs['/api/v{api-version}/multiple-tags/response-and-no-content']['get']['res'][204]> {
        return __request(OpenAPI, {
            method: 'GET',
            url: '/api/v{api-version}/multiple-tags/response-and-no-content'
        });
    }
    
    /**
     * @returns ModelWithString Message for default response
     * @throws ApiError
     */
    public static callWithResponse(): CancelablePromise<$OpenApiTs['/api/v{api-version}/response']['get']['res'][200]> {
        return __request(OpenAPI, {
            method: 'GET',
            url: '/api/v{api-version}/response'
        });
    }
    
    /**
     * @returns ModelWithString Message for default response
     * @throws ApiError
     */
    public static callWithDuplicateResponses(): CancelablePromise<$OpenApiTs['/api/v{api-version}/response']['post']['res'][200]> {
        return __request(OpenAPI, {
            method: 'POST',
            url: '/api/v{api-version}/response',
            errors: {
                500: 'Message for 500 error',
                501: 'Message for 501 error',
                502: 'Message for 502 error'
            }
        });
    }
    
    /**
     * @returns unknown Message for 200 response
     * @returns ModelWithString Message for default response
     * @returns ModelThatExtends Message for 201 response
     * @returns ModelThatExtendsExtends Message for 202 response
     * @throws ApiError
     */
    public static callWithResponses(): CancelablePromise<$OpenApiTs['/api/v{api-version}/response']['put']['res'][200] | $OpenApiTs['/api/v{api-version}/response']['put']['res'][200] | $OpenApiTs['/api/v{api-version}/response']['put']['res'][201] | $OpenApiTs['/api/v{api-version}/response']['put']['res'][202]> {
        return __request(OpenAPI, {
            method: 'PUT',
            url: '/api/v{api-version}/response',
            errors: {
                500: 'Message for 500 error',
                501: 'Message for 501 error',
                502: 'Message for 502 error'
            }
        });
    }
    
}

export class MultipleTags1Service {
    /**
     * @returns void Success
     * @throws ApiError
     */
    public static dummyA(): CancelablePromise<$OpenApiTs['/api/v{api-version}/multiple-tags/a']['get']['res'][204]> {
        return __request(OpenAPI, {
            method: 'GET',
            url: '/api/v{api-version}/multiple-tags/a'
        });
    }
    
    /**
     * @returns void Success
     * @throws ApiError
     */
    public static dummyB(): CancelablePromise<$OpenApiTs['/api/v{api-version}/multiple-tags/b']['get']['res'][204]> {
        return __request(OpenAPI, {
            method: 'GET',
            url: '/api/v{api-version}/multiple-tags/b'
        });
    }
    
}

export class MultipleTags2Service {
    /**
     * @returns void Success
     * @throws ApiError
     */
    public static dummyA(): CancelablePromise<$OpenApiTs['/api/v{api-version}/multiple-tags/a']['get']['res'][204]> {
        return __request(OpenAPI, {
            method: 'GET',
            url: '/api/v{api-version}/multiple-tags/a'
        });
    }
    
    /**
     * @returns void Success
     * @throws ApiError
     */
    public static dummyB(): CancelablePromise<$OpenApiTs['/api/v{api-version}/multiple-tags/b']['get']['res'][204]> {
        return __request(OpenAPI, {
            method: 'GET',
            url: '/api/v{api-version}/multiple-tags/b'
        });
    }
    
}

export class MultipleTags3Service {
    /**
     * @returns void Success
     * @throws ApiError
     */
    public static dummyB(): CancelablePromise<$OpenApiTs['/api/v{api-version}/multiple-tags/b']['get']['res'][204]> {
        return __request(OpenAPI, {
            method: 'GET',
            url: '/api/v{api-version}/multiple-tags/b'
        });
    }
    
}

export class CollectionFormatService {
    /**
     * @param data The data for the request.
     * @param data.parameterArrayCsv This is an array parameter that is sent as csv format (comma-separated values)
     * @param data.parameterArraySsv This is an array parameter that is sent as ssv format (space-separated values)
     * @param data.parameterArrayTsv This is an array parameter that is sent as tsv format (tab-separated values)
     * @param data.parameterArrayPipes This is an array parameter that is sent as pipes format (pipe-separated values)
     * @param data.parameterArrayMulti This is an array parameter that is sent as multi format (multiple parameter instances)
     * @throws ApiError
     */
    public static collectionFormat(data: $OpenApiTs['/api/v{api-version}/collectionFormat']['get']['req']): CancelablePromise<void> {
        return __request(OpenAPI, {
            method: 'GET',
            url: '/api/v{api-version}/collectionFormat',
            query: {
                parameterArrayCSV: data.parameterArrayCsv,
                parameterArraySSV: data.parameterArraySsv,
                parameterArrayTSV: data.parameterArrayTsv,
                parameterArrayPipes: data.parameterArrayPipes,
                parameterArrayMulti: data.parameterArrayMulti
            }
        });
    }
    
}

export class TypesService {
    /**
     * @param data The data for the request.
     * @param data.parameterArray This is an array parameter
     * @param data.parameterDictionary This is a dictionary parameter
     * @param data.parameterEnum This is an enum parameter
     * @param data.parameterNumber This is a number parameter
     * @param data.parameterString This is a string parameter
     * @param data.parameterBoolean This is a boolean parameter
     * @param data.parameterObject This is an object parameter
     * @param data.id This is a number parameter
     * @returns number Response is a simple number
     * @returns string Response is a simple string
     * @returns boolean Response is a simple boolean
     * @returns unknown Response is a simple object
     * @throws ApiError
     */
    public static types(data: $OpenApiTs['/api/v{api-version}/types']['get']['req']): CancelablePromise<$OpenApiTs['/api/v{api-version}/types']['get']['res'][200] | $OpenApiTs['/api/v{api-version}/types']['get']['res'][201] | $OpenApiTs['/api/v{api-version}/types']['get']['res'][202] | $OpenApiTs['/api/v{api-version}/types']['get']['res'][203]> {
        return __request(OpenAPI, {
            method: 'GET',
            url: '/api/v{api-version}/types',
            path: {
                id: data.id
            },
            query: {
                parameterNumber: data.parameterNumber,
                parameterString: data.parameterString,
                parameterBoolean: data.parameterBoolean,
                parameterObject: data.parameterObject,
                parameterArray: data.parameterArray,
                parameterDictionary: data.parameterDictionary,
                parameterEnum: data.parameterEnum
            }
        });
    }
    
}

export class ComplexService {
    /**
     * @param data The data for the request.
     * @param data.parameterObject Parameter containing object
     * @param data.parameterReference Parameter containing reference
     * @returns ModelWithString Successful response
     * @throws ApiError
     */
    public static complexTypes(data: $OpenApiTs['/api/v{api-version}/complex']['get']['req']): CancelablePromise<$OpenApiTs['/api/v{api-version}/complex']['get']['res'][200]> {
        return __request(OpenAPI, {
            method: 'GET',
            url: '/api/v{api-version}/complex',
            query: {
                parameterObject: data.parameterObject,
                parameterReference: data.parameterReference
            },
            errors: {
                400: '400 server error',
                500: '500 server error'
            }
        });
    }
    
}

export class HeaderService {
    /**
     * @returns string Successful response
     * @throws ApiError
     */
    public static callWithResultFromHeader(): CancelablePromise<$OpenApiTs['/api/v{api-version}/header']['post']['res'][200]> {
        return __request(OpenAPI, {
            method: 'POST',
            url: '/api/v{api-version}/header',
            responseHeader: 'operation-location',
            errors: {
                400: '400 server error',
                500: '500 server error'
            }
        });
    }
    
}

export class ErrorService {
    /**
     * @param data The data for the request.
     * @param data.status Status code to return
     * @returns unknown Custom message: Successful response
     * @throws ApiError
     */
    public static testErrorCode(data: $OpenApiTs['/api/v{api-version}/error']['post']['req']): CancelablePromise<$OpenApiTs['/api/v{api-version}/error']['post']['res'][200]> {
        return __request(OpenAPI, {
            method: 'POST',
            url: '/api/v{api-version}/error',
            query: {
                status: data.status
            },
            errors: {
                500: 'Custom message: Internal Server Error',
                501: 'Custom message: Not Implemented',
                502: 'Custom message: Bad Gateway',
                503: 'Custom message: Service Unavailable'
            }
        });
    }
    
}

export class NonAsciiÆøåÆøÅöôêÊService {
    /**
     * @param data The data for the request.
     * @param data.nonAsciiParamæøåÆøÅöôêÊ Dummy input param
     * @returns NonAsciiStringæøåÆØÅöôêÊ字符串 Successful response
     * @throws ApiError
     */
    public static nonAsciiæøåÆøÅöôêÊ字符串(data: $OpenApiTs['/api/v{api-version}/non-ascii-æøåÆØÅöôêÊ字符串']['post']['req']): CancelablePromise<$OpenApiTs['/api/v{api-version}/non-ascii-æøåÆØÅöôêÊ字符串']['post']['res'][200]> {
        return __request(OpenAPI, {
            method: 'POST',
            url: '/api/v{api-version}/non-ascii-æøåÆØÅöôêÊ字符串',
            query: {
                'nonAsciiParamæøåÆØÅöôêÊ': data.nonAsciiParamæøåÆøÅöôêÊ
            }
        });
    }
    
}