// This file is auto-generated by @hey-api/openapi-ts

import type { CancelablePromise } from './core/CancelablePromise';
import { OpenAPI } from './core/OpenAPI';
import { request as __request } from './core/request';
import type { $OpenApiTs } from './types.gen';

export class DefaultsService {
    /**
     * @param parameterString This is a simple string with default value
     * @param parameterNumber This is a simple number with default value
     * @param parameterBoolean This is a simple boolean with default value
     * @param parameterEnum This is a simple enum with default value
     * @param parameterModel This is a simple model with default value
     * @throws ApiError
     */
    public static callWithDefaultParameters(parameterString: $OpenApiTs['/api/v{api-version}/defaults']['get']['req']['parameterString'] = 'Hello World!', parameterNumber: $OpenApiTs['/api/v{api-version}/defaults']['get']['req']['parameterNumber'] = 123, parameterBoolean: $OpenApiTs['/api/v{api-version}/defaults']['get']['req']['parameterBoolean'] = true, parameterEnum: $OpenApiTs['/api/v{api-version}/defaults']['get']['req']['parameterEnum'] = 'Success', parameterModel: $OpenApiTs['/api/v{api-version}/defaults']['get']['req']['parameterModel'] = {
        prop: 'Hello World!'
    }): CancelablePromise<void> {
        return __request(OpenAPI, {
            method: 'GET',
            url: '/api/v{api-version}/defaults',
            query: {
                parameterString,
                parameterNumber,
                parameterBoolean,
                parameterEnum,
                parameterModel
            }
        });
    }
    
    /**
     * @param parameterString This is a simple string that is optional with default value
     * @param parameterNumber This is a simple number that is optional with default value
     * @param parameterBoolean This is a simple boolean that is optional with default value
     * @param parameterEnum This is a simple enum that is optional with default value
     * @param parameterModel This is a simple model that is optional with default value
     * @throws ApiError
     */
    public static callWithDefaultOptionalParameters(parameterString: $OpenApiTs['/api/v{api-version}/defaults']['post']['req']['parameterString'] = 'Hello World!', parameterNumber: $OpenApiTs['/api/v{api-version}/defaults']['post']['req']['parameterNumber'] = 123, parameterBoolean: $OpenApiTs['/api/v{api-version}/defaults']['post']['req']['parameterBoolean'] = true, parameterEnum: $OpenApiTs['/api/v{api-version}/defaults']['post']['req']['parameterEnum'] = 'Success', parameterModel: $OpenApiTs['/api/v{api-version}/defaults']['post']['req']['parameterModel'] = {
        prop: 'Hello World!'
    }): CancelablePromise<void> {
        return __request(OpenAPI, {
            method: 'POST',
            url: '/api/v{api-version}/defaults',
            query: {
                parameterString,
                parameterNumber,
                parameterBoolean,
                parameterEnum,
                parameterModel
            }
        });
    }
    
    /**
     * @param parameterStringWithNoDefault This is a string with no default
     * @param parameterOptionalStringWithDefault This is a optional string with default
     * @param parameterOptionalStringWithEmptyDefault This is a optional string with empty default
     * @param parameterOptionalStringWithNoDefault This is a optional string with no default
     * @param parameterStringWithDefault This is a string with default
     * @param parameterStringWithEmptyDefault This is a string with empty default
     * @param parameterStringNullableWithNoDefault This is a string that can be null with no default
     * @param parameterStringNullableWithDefault This is a string that can be null with default
     * @throws ApiError
     */
    public static callToTestOrderOfParams(parameterStringWithNoDefault: $OpenApiTs['/api/v{api-version}/defaults']['put']['req']['parameterStringWithNoDefault'], parameterOptionalStringWithDefault: $OpenApiTs['/api/v{api-version}/defaults']['put']['req']['parameterOptionalStringWithDefault'] = 'Hello World!', parameterOptionalStringWithEmptyDefault: $OpenApiTs['/api/v{api-version}/defaults']['put']['req']['parameterOptionalStringWithEmptyDefault'] = '', parameterOptionalStringWithNoDefault?: $OpenApiTs['/api/v{api-version}/defaults']['put']['req']['parameterOptionalStringWithNoDefault'], parameterStringWithDefault: $OpenApiTs['/api/v{api-version}/defaults']['put']['req']['parameterStringWithDefault'] = 'Hello World!', parameterStringWithEmptyDefault: $OpenApiTs['/api/v{api-version}/defaults']['put']['req']['parameterStringWithEmptyDefault'] = '', parameterStringNullableWithNoDefault?: $OpenApiTs['/api/v{api-version}/defaults']['put']['req']['parameterStringNullableWithNoDefault'], parameterStringNullableWithDefault: $OpenApiTs['/api/v{api-version}/defaults']['put']['req']['parameterStringNullableWithDefault'] = null): CancelablePromise<void> {
        return __request(OpenAPI, {
            method: 'PUT',
            url: '/api/v{api-version}/defaults',
            query: {
                parameterOptionalStringWithDefault,
                parameterOptionalStringWithEmptyDefault,
                parameterOptionalStringWithNoDefault,
                parameterStringWithDefault,
                parameterStringWithEmptyDefault,
                parameterStringWithNoDefault,
                parameterStringNullableWithNoDefault,
                parameterStringNullableWithDefault
            }
        });
    }
    
}